// Jest Snapshot v1, https://goo.gl/fbAQLP

exports[`Test Application  renders correctly 1`] = `
<form
  className="sc-eNQAEJ bfeBIc"
>
  <div
    className="sc-fjdhpX dCCdhy"
  >
    <button
      className="sc-jTzLTM kletAs"
      id="Demographic"
      onClick={[Function]}
    >
      Demographic
      <img
        alt="arrow"
        src={[Function]}
      />
    </button>
    <div
      className="sc-jzJRlG ewJWHI"
    >
      <label
        className="sc-hMqMXs bVxckS"
        htmlFor="First Name"
      >
        <div
          className="sc-kEYyzF dkCGXq"
        >
          First Name
        </div>
        <input
          className="sc-bdVaJa fREsov"
          id="First Name"
          onChange={[Function]}
          placeholder="John"
          title="First Name"
          value=""
        />
      </label>
      <label
        className="sc-hMqMXs bVxckS"
        htmlFor="Last Name"
      >
        <div
          className="sc-kEYyzF dkCGXq"
        >
          Last Name
        </div>
        <input
          className="sc-bdVaJa fREsov"
          id="Last Name"
          onChange={[Function]}
          placeholder="Smith"
          title="Last Name"
          value=""
        />
      </label>
      <label
        className="sc-hMqMXs bVxckS"
        htmlFor="Date of Birth"
      >
        <div
          className="sc-kEYyzF dkCGXq"
        >
          Date of Birth
        </div>
        <input
          className="sc-ifAKCX kdBdNC"
          id="Date of Birth"
          placeholder="01/01/2000"
          required={false}
          title="Date of Birth"
          type="date"
          value=""
        />
      </label>
      <label
        className="sc-hMqMXs bVxckS"
        htmlFor="Graduation Year"
      >
        <div
          className="sc-kEYyzF dkCGXq"
        >
          Graduation Year
        </div>
        <fieldset>
          <div
            className="sc-bxivhb cphuXO sc-htpNat iqXTar"
          >
            <input
              checked={false}
              id="2019"
              onChange={[Function]}
              type="radio"
            />
            <label
              htmlFor="2019"
            >
              2019
            </label>
            <input
              checked={false}
              id="2020"
              onChange={[Function]}
              type="radio"
            />
            <label
              htmlFor="2020"
            >
              2020
            </label>
            <input
              checked={false}
              id="2021"
              onChange={[Function]}
              type="radio"
            />
            <label
              htmlFor="2021"
            >
              2021
            </label>
            <input
              checked={false}
              id="2022"
              onChange={[Function]}
              type="radio"
            />
            <label
              htmlFor="2022"
            >
              2022
            </label>
          </div>
        </fieldset>
      </label>
      <label
        className="sc-hMqMXs bVxckS"
        htmlFor="Ethnicity"
      >
        <div
          className="sc-kEYyzF dkCGXq"
        >
          Ethnicity
        </div>
        <h3
          className="sc-kkGfuU fHGMRO"
        >
          Are you Spanish, Hispanic, or Latino?
        </h3>
        <fieldset>
          <div
            className="sc-bxivhb cphuXO sc-htpNat iqXTar"
          >
            <input
              checked={false}
              id="Yes"
              onChange={[Function]}
              type="radio"
            />
            <label
              htmlFor="Yes"
            >
              Yes
            </label>
            <input
              checked={true}
              id="No"
              onChange={[Function]}
              type="radio"
            />
            <label
              htmlFor="No"
            >
              No
            </label>
          </div>
        </fieldset>
      </label>
      <label
        className="sc-hMqMXs bVxckS"
        htmlFor="Race"
      >
        <div
          className="sc-kEYyzF dkCGXq"
        >
          Race
          <span
            className="sc-iAyFgw gPGtnG"
          >
             - Choose all that apply.
          </span>
        </div>
        <fieldset>
          <div
            className="sc-bwzfXH dgptEg"
          >
            <div>
              <input
                checked={false}
                id="American Indian or Alaskan Native"
                onChange={[Function]}
                type="checkbox"
              />
              <label
                htmlFor="American Indian or Alaskan Native"
              >
                <img
                  alt="unchecked"
                  height={24}
                  src="icon-mock"
                  width={24}
                />
                <p>
                  American Indian or Alaskan Native
                </p>
              </label>
            </div>
            <div>
              <input
                checked={false}
                id="Asian"
                onChange={[Function]}
                type="checkbox"
              />
              <label
                htmlFor="Asian"
              >
                <img
                  alt="unchecked"
                  height={24}
                  src="icon-mock"
                  width={24}
                />
                <p>
                  Asian
                </p>
              </label>
            </div>
            <div>
              <input
                checked={false}
                id="Black or African American"
                onChange={[Function]}
                type="checkbox"
              />
              <label
                htmlFor="Black or African American"
              >
                <img
                  alt="unchecked"
                  height={24}
                  src="icon-mock"
                  width={24}
                />
                <p>
                  Black or African American
                </p>
              </label>
            </div>
            <div>
              <input
                checked={false}
                id="White or Caucasian"
                onChange={[Function]}
                type="checkbox"
              />
              <label
                htmlFor="White or Caucasian"
              >
                <img
                  alt="unchecked"
                  height={24}
                  src="icon-mock"
                  width={24}
                />
                <p>
                  White or Caucasian
                </p>
              </label>
            </div>
            <div>
              <input
                checked={false}
                id="Native Hawaiian or Other Pacific Islander"
                onChange={[Function]}
                type="checkbox"
              />
              <label
                htmlFor="Native Hawaiian or Other Pacific Islander"
              >
                <img
                  alt="unchecked"
                  height={24}
                  src="icon-mock"
                  width={24}
                />
                <p>
                  Native Hawaiian or Other Pacific Islander
                </p>
              </label>
            </div>
            <div>
              <input
                checked={false}
                id="Other"
                onChange={[Function]}
                type="checkbox"
              />
              <label
                htmlFor="Other"
              >
                <img
                  alt="unchecked"
                  height={24}
                  src="icon-mock"
                  width={24}
                />
                <p>
                  Other
                </p>
              </label>
            </div>
          </div>
        </fieldset>
      </label>
    </div>
  </div>
  <div
    className="sc-fjdhpX dCCdhy"
  >
    <button
      className="sc-jTzLTM kletAs"
      id="Education"
      onClick={[Function]}
    >
      Education
      <img
        alt="arrow"
        src={[Function]}
      />
    </button>
    <div
      className="sc-jzJRlG ewJWHI"
    >
      <label
        className="sc-hMqMXs bVxckS"
        htmlFor="School"
      >
        <div
          className="sc-kEYyzF dkCGXq"
        >
          School
        </div>
        <input
          className="sc-bdVaJa fREsov"
          id="School"
          list="Vanderbilt University"
          onChange={[Function]}
          placeholder="If not found, please type the name."
          title="School"
          type="text"
          value=""
        />
        <datalist
          id="Vanderbilt University"
        >
          <option
            value="Vanderbilt University"
          />
          <option
            value=""
          />
        </datalist>
      </label>
    </div>
  </div>
</form>
`;
