// Jest Snapshot v1, https://goo.gl/fbAQLP

exports[`Test Application  renders correctly 1`] = `
.c0 {
  margin: 0 auto 0rem;
  width: 4.375rem;
  text-align: center;
}

.c0 > div {
  width: 1rem;
  height: 1rem;
  background-color: #3148A1;
  border-radius: 100%;
  display: inline-block;
  -webkit-animation: sk-bouncedelay 1.4s infinite ease-in-out both;
  -webkit-animation: sk-bouncedelay 1.4s infinite ease-in-out both;
  animation: sk-bouncedelay 1.4s infinite ease-in-out both;
}

.c0 .bounce1 {
  -webkit-animation-delay: -0.32s;
  -webkit-animation-delay: -0.32s;
  animation-delay: -0.32s;
}

.c0 .bounce2 {
  -webkit-animation-delay: -0.16s;
  -webkit-animation-delay: -0.16s;
  animation-delay: -0.16s;
}

<div
  className="c0"
>
  <div
    className="bounce1"
  />
  <div
    className="bounce2"
  />
  <div
    className="bounce3"
  />
</div>
`;
