// Jest Snapshot v1, https://goo.gl/fbAQLP

exports[`ActionButton 1`] = `
.c0 {
  background-color: #3148A1;
  color: #ffffff;
  font-size: 1rem;
  padding: 0.75rem 1.5rem;
  border-radius: 4px;
  text-align: center;
  box-sizing: border-box;
  border: none;
  outline: none;
}

.c0:focus {
  outline: none;
  border: none;
}

.c0:hover,
.c0:active {
  box-shadow: 0rem 0rem 0.5rem 0rem #d0c9d6;
  outline: none;
  border: none;
}

<button
  className="c0"
/>
`;
