// Jest Snapshot v1, https://goo.gl/fbAQLP

exports[`Test RadioSlider RadioSlider renders correctly 1`] = `
<div
  className="sc-AykKC jhrMEt"
>
  <div
    className="sc-AykKD jthvSF"
    id="a"
    onClick={[Function]}
  >
    a
  </div>
  <div
    className="sc-AykKD jthvSF"
    id="b"
    onClick={[Function]}
  >
    b
  </div>
  <div
    className="sc-AykKD jthvSF"
    id="c"
    onClick={[Function]}
  >
    c
  </div>
</div>
`;
