// Jest Snapshot v1, https://goo.gl/fbAQLP

exports[`ToggleSwitch HeaderButton 1`] = `
<label
  className="sc-AxjAm jthvod"
>
  TestButton
  <div
    className="sc-AxirZ iGvVhU"
    onClick={[Function]}
  >
    <div
      checked={false}
      className="sc-AxiKw ckTgpH"
    />
  </div>
</label>
`;
