// Jest Snapshot v1, https://goo.gl/fbAQLP

exports[`ToggleSwitch HeaderButton 1`] = `
.c0 {
  display: -webkit-inline-box;
  display: -webkit-inline-flex;
  display: -ms-inline-flexbox;
  display: inline-flex;
  -webkit-align-items: center;
  -webkit-box-align: center;
  -ms-flex-align: center;
  align-items: center;
  font-size: 1rem;
}

.c1 {
  position: relative;
  display: inline-block;
  width: 3.5rem;
  height: 2rem;
  margin-left: 0.25rem;
}

.c2 {
  background-color: #ccc;
  position: absolute;
  cursor: pointer;
  top: 0;
  left: 0;
  right: 0;
  bottom: 0;
  -webkit-transition: 0.4s;
  transition: 0.4s;
  border-radius: 2.125rem;
}

.c2:before {
  border-radius: 50%;
  position: absolute;
  content: '';
  height: 1.5rem;
  width: 1.5rem;
  left: 0.25rem;
  bottom: 0.25rem;
  background-color: white;
  -webkit-transition: 0.4s;
  transition: 0.4s;
  box-shadow: 0rem 0.1875rem 0.1875rem 0rem #9b9b9b;
}

<label
  className="c0"
>
  TestButton
  <div
    className="c1"
    onClick={[Function]}
  >
    <div
      checked={false}
      className="c2"
    />
  </div>
</label>
`;
