// Jest Snapshot v1, https://goo.gl/fbAQLP

exports[`ToggleSwitch HeaderButton 1`] = `
<label
  className="sc-bdnylx kRrhco"
>
  TestButton
  <div
    className="sc-gtssRu frxiuH"
    onClick={[Function]}
  >
    <div
      checked={false}
      className="sc-dlnjPT ciVXmE"
    />
  </div>
</label>
`;
