// Jest Snapshot v1, https://goo.gl/fbAQLP

exports[`Login renders properly 1`] = `
<div
  className="sc-bqGHjH hIWAZJ"
>
  <div
    className="sc-bdnylx sc-gtssRu sc-eCApGN sc-hBMVcZ fZfYHk cUUlKp ebaYXL gjTTvm"
    height="25"
    width="27rem"
  >
    <h1
      className="sc-fnVYJo gmJYBh"
      color="#3f3356"
    >
      VandyHacks VII
    </h1>
    <a
      href="/api/auth/google"
      style={
        Object {
          "textDecoration": "none",
        }
      }
    >
      <button
        className="sc-iqAbSa fAhYJg"
      >
        <div
          className="sc-bdnylx sc-gtssRu sc-dlnjPT fZfYHk fXVdfJ gtfSVC"
          height="min-content"
          width="min-content"
        >
          <img
            alt="Google logo"
            className="sc-jrsJCI jWKCot"
            src="IconMock"
          />
        </div>
        <div
          className="sc-fujyUd hizPi"
        >
          Sign in with Google
        </div>
      </button>
    </a>
    <a
      href="/api/auth/github"
      style={
        Object {
          "textDecoration": "none",
        }
      }
    >
      <button
        className="sc-iqAbSa fAhYJg"
      >
        <div
          className="sc-bdnylx sc-gtssRu sc-dlnjPT fZfYHk fXVdfJ gtfSVC"
          height="min-content"
          width="min-content"
        >
          <img
            alt="GitHub logo"
            className="sc-jrsJCI jWKCot"
            src="IconMock"
          />
        </div>
        <div
          className="sc-fujyUd hizPi"
        >
          Sign in with GitHub
        </div>
      </button>
    </a>
    <a
      href="https://vandyhacks.org"
      rel="noopener noreferrer"
      style={
        Object {
          "textDecoration": "none",
        }
      }
      target="_blank"
    >
      <button
        className="sc-iqAbSa sc-ksluoS fAhYJg jlUDJJ"
      >
        <div
          className="sc-fujyUd iUwFnQ"
          color="#3f3356"
        >
          Learn more
        </div>
      </button>
    </a>
  </div>
</div>
`;
