// Jest Snapshot v1, https://goo.gl/fbAQLP

exports[`Login renders properly 1`] = `
<div
  className="sc-fjdhpX dmItWC"
>
  <div
    className="sc-bdVaJa sc-bwzfXH sc-ifAKCX sc-jzJRlG cRbDmn"
    height="25"
    width="27rem"
  >
    <h1
      className="sc-cSHVUG bxzAjH"
      color="#3f3356"
    >
      VandyHacks VI
    </h1>
    <a
      href="/api/auth/github"
      style={
        Object {
          "textDecoration": "none",
        }
      }
    >
      <button
        className="sc-gqjmRU hxBurY"
      >
        <div
          className="sc-bdVaJa sc-bwzfXH sc-htpNat dyMbAR"
          height="min-content"
          width="min-content"
        >
          <img
            alt="GitHub logo"
            className="sc-iwsKbI kXBzef"
            src="IconMock"
          />
        </div>
        <div
          className="sc-htoDjs eEqYMT"
        >
          Sign in with GitHub
        </div>
      </button>
    </a>
    <a
      href="/api/auth/google"
      style={
        Object {
          "textDecoration": "none",
        }
      }
    >
      <button
        className="sc-gqjmRU hxBurY"
      >
        <div
          className="sc-bdVaJa sc-bwzfXH sc-htpNat dyMbAR"
          height="min-content"
          width="min-content"
        >
          <img
            alt="Google logo"
            className="sc-iwsKbI kXBzef"
            src="IconMock"
          />
        </div>
        <div
          className="sc-htoDjs eEqYMT"
        >
          Sign in with Google
        </div>
      </button>
    </a>
    <a
      href="/api/auth/microsoft"
      style={
        Object {
          "textDecoration": "none",
        }
      }
    >
      <button
        className="sc-gqjmRU hxBurY"
      >
        <div
          className="sc-bdVaJa sc-bwzfXH sc-htpNat dyMbAR"
          height="min-content"
          width="min-content"
        >
          <img
            alt="Microsoft logo"
            className="sc-iwsKbI kXBzef"
            src="IconMock"
          />
        </div>
        <div
          className="sc-htoDjs eEqYMT"
        >
          Sign in with Microsoft
        </div>
      </button>
    </a>
  </div>
</div>
`;
