// Jest Snapshot v1, https://goo.gl/fbAQLP

exports[`Test Dashboard renders hackerdash on /dashboard route 1`] = `
<div
  className="sc-bdVaJa sc-bwzfXH sc-ifAKCX kHHPcv"
>
  <div
    className="sc-bdVaJa sc-bwzfXH sc-ifAKCX sc-jzJRlG knwSVK"
    height="min-content"
    width="36rem"
  >
    <div
      className="sc-bdVaJa sc-bwzfXH dgnCwc"
    >
      <h1
        className="sc-cSHVUG fiKfBA"
        fontSize="1.8rem"
      >
        Your application status is:
      </h1>
      <div
        className="sc-VigVT sc-jTzLTM bHJZvB"
      >
        <div
          className="sc-htoDjs ewDcVm"
          color="#FF647C"
          fontSize="1.8rem"
          fontWeight="bold"
        >
          INCOMPLETE
        </div>
      </div>
      <img
        alt="Man wearing hoodie at holographic computer"
        src={[Function]}
      />
      <h1
        className="sc-kAzzGY jWKBgv"
        color="#3F3356"
        fontSize="1rem"
      >
        <span
          style={
            Object {
              "fontWeight": "bold",
            }
          }
        >
          You still need to finish your application.
        </span>
        <br />
        The deadline is January 1, 2020 at 11:59 pm (EST).
      </h1>
      <a
        href="/application"
        onClick={[Function]}
        style={
          Object {
            "textDecoration": "none",
          }
        }
      >
        <button
          className="sc-gqjmRU sc-fjdhpX hFJOLF"
          color="white"
          fontSize="1.4em"
        >
          <div
            className="sc-htoDjs kSfDbb"
            color="white"
            fontSize="1.4em"
          >
            Complete your application
          </div>
        </button>
      </a>
    </div>
  </div>
</div>
`;
