// Jest Snapshot v1, https://goo.gl/fbAQLP

exports[`Test TextLink renders correctly 1`] = `
.c0 {
  font-family: 'Roboto Condensed';
  font-size: 1rem;
  font-weight: 500;
  color: black;
  -webkit-text-decoration: none;
  text-decoration: none;
}

.c0:hover,
.c0:focus,
.c0:active {
  text-shadow: 0px 0px 20px RGBA(255,255,255,0.67);
}

<a
  className="c0"
  href="/"
  onClick={[Function]}
/>
`;
