// Jest Snapshot v1, https://goo.gl/fbAQLP

exports[`Test LeftImgTextInput LeftImgTextInput renders correctly 1`] = `
.c2 {
  padding-right: 1rem;
}

.c0 {
  display: -webkit-box;
  display: -webkit-flex;
  display: -ms-flexbox;
  display: flex;
  -webkit-flex-flow: column nowrap;
  -ms-flex-flow: column nowrap;
  flex-flow: column nowrap;
  -webkit-align-items: center;
  -webkit-box-align: center;
  -ms-flex-align: center;
  align-items: center;
  -webkit-box-pack: center;
  -webkit-justify-content: center;
  -ms-flex-pack: center;
  justify-content: center;
  -webkit-flex-flow: row;
  -ms-flex-flow: row;
  flex-flow: row;
  font-weight: 400;
  height: 3.2rem;
  width: 23.33rem;
  padding: 0;
  padding-bottom: 0;
  padding-top: 0;
  padding-left: 0;
  padding-right: 0;
  margin: 0;
  margin-bottom: 1.6rem;
  margin-top: 0;
  margin-left: 0;
  margin-right: 0;
  background: rgba(255,255,255,1);
  border-radius: 4px;
  cursor: pointer;
  border: none;
}

.c0:hover {
  box-shadow: 0px 0px 30px 0px rgba(255,255,255,1);
}

.c0:focus {
  outline: none;
}

.c1 {
  -webkit-box-pack: center;
  -webkit-justify-content: center;
  -ms-flex-pack: center;
  justify-content: center;
  cursor: initial;
}

.c1 img {
  padding-left: 2rem;
}

.c3 {
  background: transparent;
  padding: 0.75rem;
  width: 17rem;
  border: none;
  font-size: 1em;
  color: #3f3356;
}

.c3::-webkit-input-placeholder {
  color: #D0C9D6;
}

.c3::-moz-placeholder {
  color: #D0C9D6;
}

.c3:-ms-input-placeholder {
  color: #D0C9D6;
}

.c3::placeholder {
  color: #D0C9D6;
}

.c3:invalid {
  box-shadow: 0 0 5px red;
}

.c3:focus {
  outline: none;
}

<div
  className="c0 c1"
>
  <img
    alt="b"
    className="c2"
    src="a"
  />
  <input
    className="c3"
    maxLength={100}
    onChange={[Function]}
    value="c"
  />
</div>
`;
