// Jest Snapshot v1, https://goo.gl/fbAQLP

exports[`Test LeftImgTextInput LeftImgTextInput renders correctly 1`] = `
<div
  className="sc-fznyAO sc-fznKkj eKZtUq"
>
  <img
    alt="b"
    className="sc-fzoLsD egDCJJ"
    src="a"
  />
  <input
    className="sc-fznZeY cnVxGk"
    maxLength={100}
    onChange={[Function]}
    value="c"
  />
</div>
`;
