// Jest Snapshot v1, https://goo.gl/fbAQLP

exports[`Test Sidebar Sidebar renders correctly 1`] = `
<div
  className="sc-ciSmjq golZiG sidebar"
>
  <div
    className="sc-jcwofb iPnNVn"
  >
    <div
      className="sc-carGAA cYbPuB"
    >
      <img
        alt="VH graphic"
        src="IconMock"
      />
    </div>
    <hr
      className="sc-iTVIwl fzXqQL"
    />
    <div
      className="sc-bdnylx sc-gtssRu sc-gKAblj fZfYHk dezkIe gEXMCh"
      height="calc(100% - calc(8rem + 160px))"
    >
      <ul
        className="sc-dPaNSN pdbzE"
      >
        <li>
          <a
            aria-current={null}
            className="sc-jNnnWF hsyfMI"
            href="/dashboard"
            onClick={[Function]}
          >
            <button
              className="sc-iqAbSa sc-bqGHjH fAhYJg hMHjap sc-efHXLn byrbTX"
            >
              <div
                className="sc-fujyUd sc-pNWxx hizPi jiaWaO sc-efHXLn byrbTX"
              >
                Dashboard
              </div>
            </button>
          </a>
        </li>
        <li>
          <a
            aria-current={null}
            className="sc-jNnnWF hsyfMI"
            href="/application"
            onClick={[Function]}
          >
            <button
              className="sc-iqAbSa sc-bqGHjH fAhYJg hMHjap sc-efHXLn byrbTX"
            >
              <div
                className="sc-fujyUd sc-pNWxx hizPi jiaWaO sc-efHXLn byrbTX"
              >
                Apply
              </div>
            </button>
          </a>
        </li>
        <li>
          <a
            aria-current={null}
            className="sc-jNnnWF hsyfMI"
            href="/checkin"
            onClick={[Function]}
          >
            <button
              className="sc-iqAbSa sc-bqGHjH fAhYJg hMHjap sc-efHXLn byrbTX"
            >
              <div
                className="sc-fujyUd sc-pNWxx hizPi jiaWaO sc-efHXLn byrbTX"
              >
                Event Check-in
              </div>
            </button>
          </a>
        </li>
        <li>
          <a
            aria-current={null}
            className="sc-jNnnWF hsyfMI"
            href="/help"
            onClick={[Function]}
          >
            <button
              className="sc-iqAbSa sc-bqGHjH fAhYJg hMHjap sc-efHXLn byrbTX"
            >
              <div
                className="sc-fujyUd sc-pNWxx hizPi jiaWaO sc-efHXLn byrbTX"
              >
                Help
              </div>
            </button>
          </a>
        </li>
      </ul>
      <div
        className="sc-bdnylx sc-gtssRu sc-jSFkmK fZfYHk bbzyKM bOPoVl"
        height="min-content"
      >
        <a
          className="sc-cTJmaU jmBmUd"
          href="/api/logout"
        >
          <button
            className="sc-iqAbSa sc-bqGHjH fAhYJg hMHjap sc-efHXLn byrbTX"
          >
            <div
              className="sc-fujyUd sc-pNWxx hizPi jiaWaO sc-efHXLn byrbTX"
            >
              Logout
            </div>
          </button>
        </a>
        <hr
          className="sc-iTVIwl sc-iBzFoy fzXqQL jkywjx"
        />
        <h1
          className="sc-ksluoS QOjk"
        >
          <a
            className="sc-cTJmaU jmBmUd"
            href="https://vandyhacks.org"
            style={
              Object {
                "color": "white",
              }
            }
          >
            VandyHacks VII
          </a>
        </h1>
      </div>
    </div>
  </div>
</div>
`;
