// Jest Snapshot v1, https://goo.gl/fbAQLP

exports[`Test Sidebar Sidebar renders correctly 1`] = `
<div
  className="sc-gipzik frczip sidebar"
>
  <div
    className="sc-csuQGl jZUrqW"
  >
    <div
      className="sc-Rmtcm iANAZL"
    >
      <img
        alt="VH graphic"
        src="IconMock"
      />
    </div>
    <hr
      className="sc-bRBYWo gGBwvU"
    />
    <div
      className="sc-bdVaJa sc-bwzfXH sc-bZQynM jxTPlc"
      height="calc(100% - calc(8rem + 160px))"
    >
      <ul
        className="sc-dVhcbM cyqYhi"
      >
        <li>
          <a
            aria-current={null}
            className="sc-fMiknA boytye"
            href="/dashboard"
            onClick={[Function]}
          >
            <button
              className="sc-gqjmRU sc-fjdhpX goWjNZ sc-jhAzac jpVfCn"
            >
              <div
                className="sc-htoDjs sc-dnqmqq caLfPx sc-jhAzac jpVfCn"
              >
                Dashboard
              </div>
            </button>
          </a>
        </li>
        <li>
          <a
            aria-current={null}
            className="sc-fMiknA boytye"
            href="/application"
            onClick={[Function]}
          >
            <button
              className="sc-gqjmRU sc-fjdhpX goWjNZ sc-jhAzac jpVfCn"
            >
              <div
                className="sc-htoDjs sc-dnqmqq caLfPx sc-jhAzac jpVfCn"
              >
                Apply
              </div>
            </button>
          </a>
        </li>
        <li>
          <a
            aria-current={null}
            className="sc-fMiknA boytye"
            href="/help"
            onClick={[Function]}
          >
            <button
              className="sc-gqjmRU sc-fjdhpX goWjNZ sc-jhAzac jpVfCn"
            >
              <div
                className="sc-htoDjs sc-dnqmqq caLfPx sc-jhAzac jpVfCn"
              >
                Help
              </div>
            </button>
          </a>
        </li>
      </ul>
      <div
        className="sc-bdVaJa sc-bwzfXH sc-EHOje jxVFlK"
        height="min-content"
      >
        <a
          className="sc-fBuWsC gQbfsc"
          href="/api/logout"
        >
          <button
            className="sc-gqjmRU sc-fjdhpX goWjNZ sc-jhAzac jpVfCn"
          >
            <div
              className="sc-htoDjs sc-dnqmqq caLfPx sc-jhAzac jpVfCn"
            >
              Logout
            </div>
          </button>
        </a>
        <hr
          className="sc-bRBYWo sc-hzDkRC liuDJ"
        />
        <h1
          className="sc-jzJRlG hdnVAr"
        >
          VandyHacks VI
        </h1>
      </div>
    </div>
  </div>
</div>
`;
