// Jest Snapshot v1, https://goo.gl/fbAQLP

exports[`Test Application  renders correctly 1`] = `
<form
  className="sc-ckVGcZ bGOBYD"
>
  <div
    className="sc-jTzLTM cWhdTY"
  >
    <button
      className="sc-VigVT eIBicm"
      id="Demographic"
      onClick={[Function]}
    >
      Demographic
      <img
        alt="arrow"
        src={[Function]}
      />
    </button>
    <div
      className="sc-fjdhpX lgHlcu"
    >
      <label
        className="sc-jKJlTe iibufK"
        htmlFor="First Name"
      >
        <div
          className="sc-eNQAEJ gMaoCC"
        >
          First Name
        </div>
        <input
          className="sc-bdVaJa fREsov"
          id="First Name"
          onChange={[Function]}
          placeholder="John"
          value=""
        />
      </label>
      <label
        className="sc-jKJlTe iibufK"
        htmlFor="Last Name"
      >
        <div
          className="sc-eNQAEJ gMaoCC"
        >
          Last Name
        </div>
        <input
          className="sc-bdVaJa fREsov"
          id="Last Name"
          onChange={[Function]}
          placeholder="Smith"
          value=""
        />
      </label>
      <label
        className="sc-jKJlTe iibufK"
        htmlFor="Date of Birth"
      >
        <div
          className="sc-eNQAEJ gMaoCC"
        >
          Date of Birth
        </div>
        <input
          className="sc-bxivhb jiVfTZ"
          id="Date of Birth"
          onChange={[Function]}
          placeholder="01/01/2000"
          required={false}
          type="date"
          value=""
        />
      </label>
      <label
        className="sc-jKJlTe iibufK"
        htmlFor="Graduation Year"
      >
        <div
          className="sc-eNQAEJ gMaoCC"
        >
          Graduation Year
        </div>
        <fieldset>
          <div
            className="sc-htpNat ghQiwQ"
          >
            <input
              checked={false}
              id={2019}
              onChange={[Function]}
              type="radio"
            />
            <label
              htmlFor={2019}
            >
              2019
            </label>
            <input
              checked={false}
              id={2020}
              onChange={[Function]}
              type="radio"
            />
            <label
              htmlFor={2020}
            >
              2020
            </label>
            <input
              checked={false}
              id={2021}
              onChange={[Function]}
              type="radio"
            />
            <label
              htmlFor={2021}
            >
              2021
            </label>
            <input
              checked={false}
              id={2022}
              onChange={[Function]}
              type="radio"
            />
            <label
              htmlFor={2022}
            >
              2022
            </label>
          </div>
        </fieldset>
      </label>
      <label
        className="sc-jKJlTe iibufK"
        htmlFor="Ethnicity"
      >
        <div
          className="sc-eNQAEJ gMaoCC"
        >
          Ethnicity
        </div>
        <h3
          className="sc-hMqMXs cEhjZi"
        >
          Are you Spanish, Hispanic, or Latino?
        </h3>
        <fieldset>
          <div
            className="sc-htpNat ghQiwQ"
          >
            <input
              checked={false}
              id="Yes"
              onChange={[Function]}
              type="radio"
            />
            <label
              htmlFor="Yes"
            >
              Yes
            </label>
            <input
              checked={true}
              id="No"
              onChange={[Function]}
              type="radio"
            />
            <label
              htmlFor="No"
            >
              No
            </label>
          </div>
        </fieldset>
      </label>
      <label
        className="sc-jKJlTe iibufK"
        htmlFor="Race"
      >
        <div
          className="sc-eNQAEJ gMaoCC"
        >
          Race
          <span
            className="sc-kEYyzF iVdoMM"
          >
             - Choose all that apply.
          </span>
        </div>
        <fieldset>
          <div
            className="sc-bwzfXH eWyhgy"
          >
            <div>
              <input
                checked={false}
                id="American Indian or Alaskan Native"
                onChange={[Function]}
                type="checkbox"
              />
              <label
                htmlFor="American Indian or Alaskan Native"
              >
                <icon-mock
                  height={24}
                  width={24}
                />
                American Indian or Alaskan Native
              </label>
            </div>
            <div>
              <input
                checked={false}
                id="Asian"
                onChange={[Function]}
                type="checkbox"
              />
              <label
                htmlFor="Asian"
              >
                <icon-mock
                  height={24}
                  width={24}
                />
                Asian
              </label>
            </div>
            <div>
              <input
                checked={false}
                id="Black or African American"
                onChange={[Function]}
                type="checkbox"
              />
              <label
                htmlFor="Black or African American"
              >
                <icon-mock
                  height={24}
                  width={24}
                />
                Black or African American
              </label>
            </div>
            <div>
              <input
                checked={false}
                id="White or Caucasian"
                onChange={[Function]}
                type="checkbox"
              />
              <label
                htmlFor="White or Caucasian"
              >
                <icon-mock
                  height={24}
                  width={24}
                />
                White or Caucasian
              </label>
            </div>
            <div>
              <input
                checked={false}
                id="Native Hawaiian or Other Pacific Islander"
                onChange={[Function]}
                type="checkbox"
              />
              <label
                htmlFor="Native Hawaiian or Other Pacific Islander"
              >
                <icon-mock
                  height={24}
                  width={24}
                />
                Native Hawaiian or Other Pacific Islander
              </label>
            </div>
            <div>
              <input
                checked={false}
                id="Other"
                onChange={[Function]}
                type="checkbox"
              />
              <label
                htmlFor="Other"
              >
                <icon-mock
                  height={24}
                  width={24}
                />
                Other
              </label>
            </div>
          </div>
        </fieldset>
      </label>
    </div>
  </div>
  <div
    className="sc-jTzLTM cWhdTY"
  >
    <button
      className="sc-VigVT eIBicm"
      id="Education"
      onClick={[Function]}
    >
      Education
      <img
        alt="arrow"
        src={[Function]}
      />
    </button>
    <div
      className="sc-fjdhpX lgHlcu"
    >
      <label
        className="sc-jKJlTe iibufK"
        htmlFor="School"
      >
        <div
          className="sc-eNQAEJ gMaoCC"
        >
          School
        </div>
        <input
          className="sc-bdVaJa fREsov"
          id="School"
          list="Vanderbilt University"
          onChange={[Function]}
          placeholder="If not found, please type the name."
          type="text"
          value=""
        />
        <datalist
          id="Vanderbilt University"
        >
          <option
            value="Vanderbilt University"
          />
          <option
            value=""
          />
        </datalist>
      </label>
    </div>
  </div>
</form>
`;
