// Jest Snapshot v1, https://goo.gl/fbAQLP

exports[`Test SchoolTable renders properly 1`] = `
<ul
  className="sc-fzXfMy hWszkB"
>
  <li
    className="sc-fzXfMz lpgYnZ"
  >
    <span
      className="sc-fzXfMw gBtHyU"
    >
      mockschool: 
    </span>
    <span
      className="sc-fzXfMx dofttV"
    >
      1
    </span>
  </li>
</ul>
`;
