// Jest Snapshot v1, https://goo.gl/fbAQLP

exports[`Test SchoolTable renders properly 1`] = `
<ul
  className="sc-dIvqjp dAkoix"
>
  <li
    className="sc-hHEjAm bPoxRn"
  >
    <span
      className="sc-bkbjAj fOXgaG"
    >
      mockschool: 
    </span>
    <span
      className="sc-iemXMA bPERLh"
    >
      1
    </span>
  </li>
</ul>
`;
