// Jest Snapshot v1, https://goo.gl/fbAQLP

exports[`Test Profile renders correctly 1`] = `
<div
  className="sc-bdnylx sc-gtssRu sc-eCApGN sc-fujyUd cEkSBI KnQMW ebaYXL djYshW"
  height="auto"
  width="100%"
>
  <div
    className="sc-iklIKw hWTxtK"
  >
    <div
      className="sc-kEqYlL hORlnj"
    >
      <div
        className="bounce1"
      />
      <div
        className="bounce2"
      />
      <div
        className="bounce3"
      />
    </div>
  </div>
</div>
`;
