// Jest Snapshot v1, https://goo.gl/fbAQLP

exports[`Test Profile renders correctly 1`] = `
.c0 {
  display: -webkit-box;
  display: -webkit-flex;
  display: -ms-flexbox;
  display: flex;
  -webkit-flex-flow: column nowrap;
  -ms-flex-flow: column nowrap;
  flex-flow: column nowrap;
  -webkit-align-items: flex-start;
  -webkit-box-align: flex-start;
  -ms-flex-align: flex-start;
  align-items: flex-start;
  -webkit-box-pack: start;
  -webkit-justify-content: flex-start;
  -ms-flex-pack: start;
  justify-content: flex-start;
}

.c1 {
  height: auto;
  width: 100%;
  padding: 1.5rem;
  padding-bottom: 0;
  padding-top: 0;
  padding-left: 0;
  padding-right: 0;
  margin: 0;
}

.c2 {
  -webkit-box-pack: start;
  -webkit-justify-content: flex-start;
  -ms-flex-pack: start;
  justify-content: flex-start;
}

.c3 {
  -webkit-transition: ease-in-out all 1s;
  transition: ease-in-out all 1s;
  background-color: rgba( 247,245,249, 1 );
  border-radius: 1rem;
  padding: 1.5rem;
  margin-bottom: 0;
  height: auto;
  box-sizing: border-box;
}

.c5 {
  margin: 0 auto 0rem;
  width: 4.375rem;
  text-align: center;
}

.c5 > div {
  width: 1rem;
  height: 1rem;
  background-color: #3148A1;
  border-radius: 100%;
  display: inline-block;
  -webkit-animation: sk-bouncedelay 1.4s infinite ease-in-out both;
  -webkit-animation: sk-bouncedelay 1.4s infinite ease-in-out both;
  animation: sk-bouncedelay 1.4s infinite ease-in-out both;
}

.c5 .bounce1 {
  -webkit-animation-delay: -0.32s;
  -webkit-animation-delay: -0.32s;
  animation-delay: -0.32s;
}

.c5 .bounce2 {
  -webkit-animation-delay: -0.16s;
  -webkit-animation-delay: -0.16s;
  animation-delay: -0.16s;
}

.c4 {
  display: grid;
  grid-auto-flow: row;
  grid-gap: 1.4rem;
}

<div
  className="c0 c1 c2 c3"
  height="auto"
  width="100%"
>
  <div
    className="c4"
  >
    <div
      className="c5"
    >
      <div
        className="bounce1"
      />
      <div
        className="bounce2"
      />
      <div
        className="bounce3"
      />
    </div>
  </div>
</div>
`;
